// Jest Snapshot v1, https://goo.gl/fbAQLP

exports[`add pizza component should show pizza form 1`] = `"<div><form><button>Go Back to start-page</button></form><hr><h1>Add your new pizza</h1><form><div><label><strong>Pizza: </strong> <input value=""></label><br></div><div><label><strong>Price: </strong> <input value=""></label><br></div><div><label><strong>Ingredients (Separate by space): </strong> <input value=""></label><br></div><div><label><strong>Allergen (Separate with space): </strong> <input value=""></label><br></div><button>Submit Pizza</button></form></div>"`;
